// Jest Snapshot v1, https://goo.gl/fbAQLP

exports[`Pruebas de <HookApp /> Debe mostrar correctamente el componente 1`] = `
<div>
  <h1>
    Hola Leonardo!!!!
  </h1>
</div>
`;
